Task stortree — status added to queue
Started task #59 of template 'stortree — status'

Preparing: 59
Updating Repository https://github.com/showmen-media/stortree.git
From https://github.com/showmen-media/stortree
 * branch            master     -> FETCH_HEAD
Already up to date.
Get current commit hash
Get current commit message
cloning inventory repository
Warning: Permanently added 'github.com' (ED25519) to the list of known hosts.
Updating Repository git@github.com:showmen-media/fips-storage.git
Warning: Permanently added 'github.com' (ED25519) to the list of known hosts.
From github.com:showmen-media/fips-storage
 * branch            master     -> FETCH_HEAD
Already up to date.
No /tmp/semaphore/project_1/repository_1_template_3/playbooks/collections/requirements.yml file found. Skip galaxy install process.

No /tmp/semaphore/project_1/repository_1_template_3/playbooks/requirements.yml file found. Skip galaxy install process.

No /tmp/semaphore/project_1/repository_1_template_3/collections/requirements.yml file found. Skip galaxy install process.

/tmp/semaphore/project_1/repository_1_template_3/requirements.yml has no changes. Skip galaxy install process.

No /tmp/semaphore/project_1/repository_1_template_3/playbooks/roles/requirements.yml file found. Skip galaxy install process.

No /tmp/semaphore/project_1/repository_1_template_3/playbooks/requirements.yml file found. Skip galaxy install process.

No /tmp/semaphore/project_1/repository_1_template_3/roles/requirements.yml file found. Skip galaxy install process.

/tmp/semaphore/project_1/repository_1_template_3/requirements.yml has no changes. Skip galaxy install process.


PLAY [Report resolved state and live status per host] **************************

TASK [stortree_facts : Load stortree/config.yml] *******************************
ok: [fips-alpha-lxc]
ok: [psychias-bravo-lxc]

TASK [stortree_facts : Resolve this host's slice of the tree] ******************
ok: [fips-alpha-lxc]
ok: [psychias-bravo-lxc]

TASK [Collect mount unit states] ***********************************************
ok: [fips-alpha-lxc]
ok: [psychias-bravo-lxc]

TASK [Collect Samba share status] **********************************************
ok: [fips-alpha-lxc]
ok: [psychias-bravo-lxc]

TASK [Check SSSD domain status] ************************************************
ok: [fips-alpha-lxc]
ok: [psychias-bravo-lxc]

TASK [Print per-host summary] **************************************************
ok: [fips-alpha-lxc] => {
    "msg": [
        "== fips-alpha-lxc ==",
        "server subtrees owned: ['fips-storage', 'fips-storage/.fips-gcsb-cache', 'fips-storage/frigate', 'fips-storage/backups', 'fips-storage/home']",
        "client mount: no",
        "samba shares exported: ['fips-storage/home']",
        "peer dependencies: 1",
        "peer served by: ['psychias-bravo-lxc']",
        "mount units: ['stortree-mount@fips\\\\x2dstorage-home-.mounts-mp\\\\x2dfam.service loaded    active running rclone mount fips\\\\x2dstorage-home-.mounts-mp\\\\x2dfam (managed by stortree, do not edit by hand)', 'stortree-mount@fips\\\\x2dstorage.service                        loaded    active running rclone mount fips\\\\x2dstorage (managed by stortree, do not edit by hand)', 'stortree-mount@home-fp-mp\\\\x2dfam.service                      not-found failed failed  stortree-mount@home-fp-mp\\\\x2dfam.service', 'stortree-mount@home-mp-mp\\\\x2dfam.service                      not-found failed failed  stortree-mount@home-mp-mp\\\\x2dfam.service']",
        "smbstatus: ['', 'Service      pid     Machine       Connected at                     Encryption   Signing     ', '---------------------------------------------------------------------------------------------', 'IPC$         110217  desk          Thu Sep  3 15:06:22 2026 EEST    -            -           ']",
        "sssd domain status: []"
    ]
}
ok: [psychias-bravo-lxc] => {
    "msg": [
        "== psychias-bravo-lxc ==",
        "server subtrees owned: ['.psychias-bravo-cache', 'fips-storage/home/%U/mp-fam']",
        "client mount: yes",
        "samba shares exported: ['fips-storage/home']",
        "peer dependencies: 1",
        "peer served by: ['fips-alpha-lxc']",
        "mount units: ['stortree-mount@.cache-psychias-bravo.service                  not-found failed failed  stortree-mount@.cache-psychias-bravo.service', 'stortree-mount@.psychias\\\\x2dbravo\\\\x2dcache.service            loaded    active running rclone mount .psychias\\\\x2dbravo\\\\x2dcache (managed by stortree, do not edit by hand)', 'stortree-mount@fips\\\\x2dstorage-home-.mounts-mp\\\\x2dfam.service loaded    active running rclone mount fips\\\\x2dstorage-home-.mounts-mp\\\\x2dfam (managed by stortree, do not edit by hand)', 'stortree-mount@fips\\\\x2dstorage.service                        loaded    active running rclone mount fips\\\\x2dstorage (managed by stortree, do not edit by hand)', 'stortree-mount@home-chris-mp\\\\x2dfam.service                   not-found failed failed  stortree-mount@home-chris-mp\\\\x2dfam.service', 'stortree-mount@home-nino-mp\\\\x2dfam.service                    not-found failed failed  stortree-mount@home-nino-mp\\\\x2dfam.service', 'stortree-mount@home.service                                   not-found failed failed  stortree-mount@home.service']",
        "smbstatus: ['', 'Service      pid     Machine       Connected at                     Encryption   Signing     ', '---------------------------------------------------------------------------------------------', 'IPC$         68321   desk          Thu Sep  3 13:44:47 2026 EEST    -            -           ']",
        "sssd domain status: []"
    ]
}

PLAY RECAP *********************************************************************
fips-alpha-lxc             : ok=6    changed=0    unreachable=0    failed=0    skipped=0    rescued=0    ignored=0   
psychias-bravo-lxc         : ok=6    changed=0    unreachable=0    failed=0    skipped=0    rescued=0    ignored=0   
